RUN=1
GPU: NVIDIA A10
compute capability: 8.6
Kernel average time over 10 launches: 0.246 ms
Copy-plus-kernel average time over 10 launches: 0.754 ms
Sample validation passed for 4 positions; first=360013472.000000 last=2508516352.000000
RUN=2
GPU: NVIDIA A10
compute capability: 8.6
Kernel average time over 10 launches: 0.239 ms
Copy-plus-kernel average time over 10 launches: 0.745 ms
Sample validation passed for 4 positions; first=360013472.000000 last=2508516352.000000
RUN=3
GPU: NVIDIA A10
compute capability: 8.6
Kernel average time over 10 launches: 0.238 ms
Copy-plus-kernel average time over 10 launches: 0.742 ms
Sample validation passed for 4 positions; first=360013472.000000 last=2508516352.000000
RUN=4
GPU: NVIDIA A10
compute capability: 8.6
Kernel average time over 10 launches: 0.237 ms
Copy-plus-kernel average time over 10 launches: 0.746 ms
Sample validation passed for 4 positions; first=360013472.000000 last=2508516352.000000
RUN=5
GPU: NVIDIA A10
compute capability: 8.6
Kernel average time over 10 launches: 0.237 ms
Copy-plus-kernel average time over 10 launches: 0.744 ms
Sample validation passed for 4 positions; first=360013472.000000 last=2508516352.000000
