RUN=1
GPU: NVIDIA A10G
compute capability: 8.6
Kernel average time over 10 launches: 0.342 ms
Copy-plus-kernel average time over 10 launches: 1.300 ms
Sample validation passed for 4 positions; first=360013472.000000 last=2508516352.000000
RUN=2
GPU: NVIDIA A10G
compute capability: 8.6
Kernel average time over 10 launches: 0.338 ms
Copy-plus-kernel average time over 10 launches: 1.302 ms
Sample validation passed for 4 positions; first=360013472.000000 last=2508516352.000000
RUN=3
GPU: NVIDIA A10G
compute capability: 8.6
Kernel average time over 10 launches: 0.338 ms
Copy-plus-kernel average time over 10 launches: 1.328 ms
Sample validation passed for 4 positions; first=360013472.000000 last=2508516352.000000
RUN=4
GPU: NVIDIA A10G
compute capability: 8.6
Kernel average time over 10 launches: 0.337 ms
Copy-plus-kernel average time over 10 launches: 1.297 ms
Sample validation passed for 4 positions; first=360013472.000000 last=2508516352.000000
RUN=5
GPU: NVIDIA A10G
compute capability: 8.6
Kernel average time over 10 launches: 0.337 ms
Copy-plus-kernel average time over 10 launches: 1.311 ms
Sample validation passed for 4 positions; first=360013472.000000 last=2508516352.000000
