RUN=1
GPU: NVIDIA A10G
compute capability: 8.6
Kernel average time over 10 launches: 0.252 ms
Copy-plus-kernel average time over 10 launches: 1.212 ms
Sample validation passed for 4 positions; first=360013472.000000 last=2508516352.000000
RUN=2
GPU: NVIDIA A10G
compute capability: 8.6
Kernel average time over 10 launches: 0.245 ms
Copy-plus-kernel average time over 10 launches: 1.207 ms
Sample validation passed for 4 positions; first=360013472.000000 last=2508516352.000000
RUN=3
GPU: NVIDIA A10G
compute capability: 8.6
Kernel average time over 10 launches: 0.249 ms
Copy-plus-kernel average time over 10 launches: 1.209 ms
Sample validation passed for 4 positions; first=360013472.000000 last=2508516352.000000
RUN=4
GPU: NVIDIA A10G
compute capability: 8.6
Kernel average time over 10 launches: 0.254 ms
Copy-plus-kernel average time over 10 launches: 1.208 ms
Sample validation passed for 4 positions; first=360013472.000000 last=2508516352.000000
RUN=5
GPU: NVIDIA A10G
compute capability: 8.6
Kernel average time over 10 launches: 0.245 ms
Copy-plus-kernel average time over 10 launches: 1.205 ms
Sample validation passed for 4 positions; first=360013472.000000 last=2508516352.000000
