RUN=1
GPU: NVIDIA A10
compute capability: 8.6
Kernel average time over 10 launches: 0.270 ms
Copy-plus-kernel average time over 10 launches: 0.783 ms
Sample validation passed for 4 positions; first=360013472.000000 last=2508516352.000000
RUN=2
GPU: NVIDIA A10
compute capability: 8.6
Kernel average time over 10 launches: 0.272 ms
Copy-plus-kernel average time over 10 launches: 0.783 ms
Sample validation passed for 4 positions; first=360013472.000000 last=2508516352.000000
RUN=3
GPU: NVIDIA A10
compute capability: 8.6
Kernel average time over 10 launches: 0.271 ms
Copy-plus-kernel average time over 10 launches: 0.775 ms
Sample validation passed for 4 positions; first=360013472.000000 last=2508516352.000000
RUN=4
GPU: NVIDIA A10
compute capability: 8.6
Kernel average time over 10 launches: 0.271 ms
Copy-plus-kernel average time over 10 launches: 0.777 ms
Sample validation passed for 4 positions; first=360013472.000000 last=2508516352.000000
RUN=5
GPU: NVIDIA A10
compute capability: 8.6
Kernel average time over 10 launches: 0.267 ms
Copy-plus-kernel average time over 10 launches: 0.781 ms
Sample validation passed for 4 positions; first=360013472.000000 last=2508516352.000000
