RUN=1
GPU: NVIDIA A10
compute capability: 8.6
Kernel average time over 10 launches: 0.266 ms
Copy-plus-kernel average time over 10 launches: 0.765 ms
Sample validation passed for 4 positions; first=360013472.000000 last=2508516352.000000
RUN=2
GPU: NVIDIA A10
compute capability: 8.6
Kernel average time over 10 launches: 0.272 ms
Copy-plus-kernel average time over 10 launches: 0.770 ms
Sample validation passed for 4 positions; first=360013472.000000 last=2508516352.000000
RUN=3
GPU: NVIDIA A10
compute capability: 8.6
Kernel average time over 10 launches: 0.261 ms
Copy-plus-kernel average time over 10 launches: 0.764 ms
Sample validation passed for 4 positions; first=360013472.000000 last=2508516352.000000
RUN=4
GPU: NVIDIA A10
compute capability: 8.6
Kernel average time over 10 launches: 0.271 ms
Copy-plus-kernel average time over 10 launches: 0.761 ms
Sample validation passed for 4 positions; first=360013472.000000 last=2508516352.000000
RUN=5
GPU: NVIDIA A10
compute capability: 8.6
Kernel average time over 10 launches: 0.264 ms
Copy-plus-kernel average time over 10 launches: 0.765 ms
Sample validation passed for 4 positions; first=360013472.000000 last=2508516352.000000
