RUN=1
GPU: NVIDIA A10
compute capability: 8.6
Kernel average time over 10 launches: 0.287 ms
Copy-plus-kernel average time over 10 launches: 0.785 ms
Sample validation passed for 4 positions; first=360013472.000000 last=2508516352.000000
RUN=2
GPU: NVIDIA A10
compute capability: 8.6
Kernel average time over 10 launches: 0.284 ms
Copy-plus-kernel average time over 10 launches: 0.799 ms
Sample validation passed for 4 positions; first=360013472.000000 last=2508516352.000000
RUN=3
GPU: NVIDIA A10
compute capability: 8.6
Kernel average time over 10 launches: 0.280 ms
Copy-plus-kernel average time over 10 launches: 0.787 ms
Sample validation passed for 4 positions; first=360013472.000000 last=2508516352.000000
RUN=4
GPU: NVIDIA A10
compute capability: 8.6
Kernel average time over 10 launches: 0.275 ms
Copy-plus-kernel average time over 10 launches: 0.784 ms
Sample validation passed for 4 positions; first=360013472.000000 last=2508516352.000000
RUN=5
GPU: NVIDIA A10
compute capability: 8.6
Kernel average time over 10 launches: 0.278 ms
Copy-plus-kernel average time over 10 launches: 0.788 ms
Sample validation passed for 4 positions; first=360013472.000000 last=2508516352.000000
