RUN=1
GPU: NVIDIA A10
compute capability: 8.6
Kernel average time over 10 launches: 0.292 ms
Copy-plus-kernel average time over 10 launches: 0.817 ms
Sample validation passed for 4 positions; first=360013472.000000 last=2508516352.000000
RUN=2
GPU: NVIDIA A10
compute capability: 8.6
Kernel average time over 10 launches: 0.296 ms
Copy-plus-kernel average time over 10 launches: 0.804 ms
Sample validation passed for 4 positions; first=360013472.000000 last=2508516352.000000
RUN=3
GPU: NVIDIA A10
compute capability: 8.6
Kernel average time over 10 launches: 0.296 ms
Copy-plus-kernel average time over 10 launches: 0.802 ms
Sample validation passed for 4 positions; first=360013472.000000 last=2508516352.000000
RUN=4
GPU: NVIDIA A10
compute capability: 8.6
Kernel average time over 10 launches: 0.295 ms
Copy-plus-kernel average time over 10 launches: 0.806 ms
Sample validation passed for 4 positions; first=360013472.000000 last=2508516352.000000
RUN=5
GPU: NVIDIA A10
compute capability: 8.6
Kernel average time over 10 launches: 0.297 ms
Copy-plus-kernel average time over 10 launches: 0.809 ms
Sample validation passed for 4 positions; first=360013472.000000 last=2508516352.000000
