RUN=1
GPU: NVIDIA A10
compute capability: 8.6
Kernel average time over 10 launches: 0.282 ms
Copy-plus-kernel average time over 10 launches: 0.786 ms
Sample validation passed for 4 positions; first=360013472.000000 last=2508516352.000000
RUN=2
GPU: NVIDIA A10
compute capability: 8.6
Kernel average time over 10 launches: 0.277 ms
Copy-plus-kernel average time over 10 launches: 0.784 ms
Sample validation passed for 4 positions; first=360013472.000000 last=2508516352.000000
RUN=3
GPU: NVIDIA A10
compute capability: 8.6
Kernel average time over 10 launches: 0.277 ms
Copy-plus-kernel average time over 10 launches: 0.782 ms
Sample validation passed for 4 positions; first=360013472.000000 last=2508516352.000000
RUN=4
GPU: NVIDIA A10
compute capability: 8.6
Kernel average time over 10 launches: 0.273 ms
Copy-plus-kernel average time over 10 launches: 0.776 ms
Sample validation passed for 4 positions; first=360013472.000000 last=2508516352.000000
RUN=5
GPU: NVIDIA A10
compute capability: 8.6
Kernel average time over 10 launches: 0.275 ms
Copy-plus-kernel average time over 10 launches: 0.783 ms
Sample validation passed for 4 positions; first=360013472.000000 last=2508516352.000000
